 
 gcc -g p6final.c
 ./a.out
Enter a string a: 
2
Enter a string b: 3
3 is greater than 2
 gdb a.out
GNU gdb (Ubuntu 8.1.1-0ubuntu1) 8.1.1
Copyright (C) 2018 Free Software Foundation, Inc.
License GPLv3+: GNU GPL version 3 or later <http://gnu.org/licenses/gpl.html>
This is free software: you are free to change and redistribute it.
There is NO WARRANTY, to the extent permitted by law.  Type "show copying"
and "show warranty" for details.
This GDB was configured as "x86_64-linux-gnu".
Type "show configuration" for configuration details.
For bug reporting instructions, please see:
<http://www.gnu.org/software/gdb/bugs/>.
Find the GDB manual and other documentation resources online at:
<http://www.gnu.org/software/gdb/documentation/>.
For help, type "help".
Type "apropos word" to search for commands related to "word"...
Reading symbols from a.out...done.
(gdb) b main
Breakpoint 1 at 0x722: file p6final.c, line 9.
(gdb) r
Starting program: /home/runner/IA1-Revision/a.out 
warning: Error disabling address space randomization: Operation not permitted

Breakpoint 1, main () at p6final.c:9
9   {
(gdb) n
13    input(a, b);
(gdb) n
 
 gcc -g p7final.c
 ./a.out
For 1st complex number 
Enter the real and imaginary parts: 3
4

For 2nd complex number 
Enter the real and imaginary parts: 5
6
Sum = 8.0 + 10.0i 
 gdb a.out
GNU gdb (Ubuntu 8.1.1-0ubuntu1) 8.1.1
Copyright (C) 2018 Free Software Foundation, Inc.
License GPLv3+: GNU GPL version 3 or later <http://gnu.org/licenses/gpl.html>
This is free software: you are free to change and redistribute it.
There is NO WARRANTY, to the extent permitted by law.  Type "show copying"
and "show warranty" for details.
This GDB was configured as "x86_64-linux-gnu".
Type "show configuration" for configuration details.
For bug reporting instructions, please see:
<http://www.gnu.org/software/gdb/bugs/>.
Find the GDB manual and other documentation resources online at:
<http://www.gnu.org/software/gdb/documentation/>.
For help, type "help".
Type "apropos word" to search for commands related to "word"...
Reading symbols from a.out...done.
(gdb) b main
Breakpoint 1 at 0x772: file p7final.c, line 9.
(gdb) r
Starting program: /home/runner/IA1-Revision/a.out 
warning: Error disabling address space randomization: Operation not permitted

Breakpoint 1, main () at p7final.c:9
9   int main() {
(gdb) n
12      printf("For 1st complex number \n");
(gdb) n
For 1st complex number 
13      printf("Enter the real and imaginary parts: ");
(gdb) n
14      scanf("%f %f", &n1.real, &n1.imag);
(gdb) n
Enter the real and imaginary parts: 6
7
15      printf("\nFor 2nd complex number \n");
(gdb) n

For 2nd complex number 
16      printf("Enter the real and imaginary parts: ");
(gdb) n
17      scanf("%f %f", &n2.real, &n2.imag);
 
 gcc -g p8final.c
 ./a.out
Enter number of complex numbers
3
Enter a complex number
4
5
Enter a complex number
5
6
Enter a complex number
7
8
4.0+5.0i + 5.0+6.0i + 7.0+8.0i is 16.0+19.0i 
 gdb a.out
GNU gdb (Ubuntu 8.1.1-0ubuntu1) 8.1.1
Copyright (C) 2018 Free Software Foundation, Inc.
License GPLv3+: GNU GPL version 3 or later <http://gnu.org/licenses/gpl.html>
This is free software: you are free to change and redistribute it.
There is NO WARRANTY, to the extent permitted by law.  Type "show copying"
and "show warranty" for details.
This GDB was configured as "x86_64-linux-gnu".
Type "show configuration" for configuration details.
For bug reporting instructions, please see:
<http://www.gnu.org/software/gdb/bugs/>.
Find the GDB manual and other documentation resources online at:
<http://www.gnu.org/software/gdb/documentation/>.
For help, type "help".
Type "apropos word" to search for commands related to "word"...
Reading symbols from a.out...done.
(gdb) b main
Breakpoint 1 at 0xa2a: file p8final.c, line 54.
(gdb) r
Starting program: /home/runner/IA1-Revision/a.out 
warning: Error disabling address space randomization: Operation not permitted

Breakpoint 1, main () at p8final.c:54
54  {
(gdb) n
56    n=get_n();
(gdb) n
Enter number of complex numbers
5
57    complex c[n];
(gdb) n
58    input_n_complex(n,c);
(gdb) n
Enter a complex number
7
8
Enter a complex number
7
6
Enter a complex number
5
4
Enter a complex number
4
3
Enter a complex number
5
6
60    sum=add_n_complex(n,c);
(gdb) n
61    output(n,c,sum);
(gdb) n
62    return 0;
(gdb) l
57    complex c[n];
58    input_n_complex(n,c);
59    complex sum;
60    sum=add_n_complex(n,c);
61    output(n,c,sum);
62    return 0;
63  }(gdb) s
63  }(gdb) p
The history is empty.
(gdb) c
Continuing.
7.0+8.0i + 7.0+6.0i + 5.0+4.0i + 4.0+3.0i + 5.0+6.0i is 28.0+27.0i[Inferior 1 (process 45) exited normally]
(gdb) l
58    input_n_complex(n,c);
59    complex sum;
60    sum=add_n_complex(n,c);
61    output(n,c,sum);
62    return 0;
63  }(gdb) 